[sikhreviewnorthamerica.com/index.html]
[backblue.gif]
[fade.gif]
[index.html]
[sikhreviewnorthamerica.com/feed/index.html]
[sikhreviewnorthamerica.com/comments/feed/index.html]
[sikhreviewnorthamerica.com/wp-includes/js/jquery/jqueryb8ff.js]
[sikhreviewnorthamerica.com/wp-includes/js/jquery/jquery-migrate.min330a.js]
[sikhreviewnorthamerica.com/wp-content/plugins/flowpaper-lite-pdf-flipbook/assets/lity/lity.min.js]
[sikhreviewnorthamerica.com/xmlrpc0db0.php]
[sikhreviewnorthamerica.com/wp-includes/wlwmanifest.xml]
[sikhreviewnorthamerica.com/wp-json/index.html]
[sikhreviewnorthamerica.com/wp-json/oembed/1.0/embedd94a.json]
[sikhreviewnorthamerica.com/wp-json/oembed/1.0/embed2302]
[sikhreviewnorthamerica.com/wp-content/uploads/2018/08/logo-150x150.png]
[sikhreviewnorthamerica.com/wp-content/uploads/2018/08/logo.png]
[sikhreviewnorthamerica.com/wp-content/uploads/2018/08/Untitled-1.png]
[sikhreviewnorthamerica.com/wp-content/uploads/2018/08/sdfg.jpg]
[sikhreviewnorthamerica.com/category/articles-and-news/index.html]
[sikhreviewnorthamerica.com/wp-content/uploads/2018/08/1407513830.31.jpg]
[sikhreviewnorthamerica.com/category/magazines/index.html]
[sikhreviewnorthamerica.com/wp-content/uploads/2018/08/27C2-RUNNER.jpg]
[sikhreviewnorthamerica.com/never-forget-1984/index.html]
[sikhreviewnorthamerica.com/wp-content/uploads/2018/08/jk-1.jpg]
[sikhreviewnorthamerica.com/contact-us/index.html]
[sikhreviewnorthamerica.com/wp-content/uploads/2018/08/Banga-Obama.jpg]
[sikhreviewnorthamerica.com/after-church-sikh-volunteers-take-up-temple-cleaning/index.html]
[sikhreviewnorthamerica.com/wp-content/uploads/2018/09/October-2016-520x250.jpg]
[sikhreviewnorthamerica.com/amar-singh-makes-history-for-sikhs-in-malaysian-police-force/index.html]
[sikhreviewnorthamerica.com/wp-content/uploads/2018/09/July-2016-150x150.jpg]
[sikhreviewnorthamerica.com/wp-content/uploads/2018/09/April-2015-150x150.jpg]
[sikhreviewnorthamerica.com/the-flying-sikh-who-won-indias-first-commonwealth-gold/index.html]
[sikhreviewnorthamerica.com/surprised-and-deeply-honoured-our-chief-executive-harpal-singh-kumar-receives-a-knighthood/index.html]
[sikhreviewnorthamerica.com/wp-content/uploads/2018/09/January-2015-150x150.jpg]
[sikhreviewnorthamerica.com/president-obama-chooses-a-sikh-for-key-administration-position/index.html]
[sikhreviewnorthamerica.com/wp-content/uploads/2018/09/April-2014-150x150.jpg]
[sikhreviewnorthamerica.com/author/admin/index.html]
[sikhreviewnorthamerica.com/wp-content/plugins/avata-hoo-contact-form/assets/plugins/bootstrap/js/bootstrap.min1845.js]
[sikhreviewnorthamerica.com/wp-content/plugins/avata-hoo-contact-form/assets/plugins/bootstrapvalidator/js/bootstrapValidator1845.js]
[sikhreviewnorthamerica.com/north-american-sikh-review-magazine-edition-october-2016/index.html]
[sikhreviewnorthamerica.com/north-american-sikh-review-magazine-edition-july-2016/index.html]
[sikhreviewnorthamerica.com/wp-content/plugins/avata-hoo-contact-form/assets/js/main1845.js]
[sikhreviewnorthamerica.com/north-american-sikh-review-magazine-edition-april-2015/index.html]
[sikhreviewnorthamerica.com/wp-content/plugins/contact-form-7/includes/js/scripts5560.js]
[sikhreviewnorthamerica.com/north-american-sikh-review-magazine-edition-january-2015/index.html]
[sikhreviewnorthamerica.com/north-american-sikh-review-magazine-edition-april-2014/index.html]
[s0.wp.com/wp-content/js/devicepx-jetpackdd93.js]
[sikhreviewnorthamerica.com/wp-content/plugins/jetpack/modules/wpgroho1845.js]
[sikhreviewnorthamerica.com/wp-content/themes/eximious-magazine/assets/lib/owl/owl.carousel.min1845.js]
[secure.gravatar.com/js/gprofilesda51.js]
[sikhreviewnorthamerica.com/wp-content/themes/eximious-magazine/assets/lib/marquee/jquery.marquee.min1845.js]
[sikhreviewnorthamerica.com/wp-content/themes/eximious-magazine/assets/lib/jquery-match-height/jquery.matchHeight-min1845.js]
[sikhreviewnorthamerica.com/wp-content/themes/eximious-magazine/assets/lib/theia-sticky-sidebar/theia-sticky-sidebar.min1845.js]
[sikhreviewnorthamerica.com/wp-content/themes/eximious-magazine/assets/saga/js/skip-link-focus-fix1845.js]
[sikhreviewnorthamerica.com/wp-content/themes/eximious-magazine/assets/saga/js/script.min1845.js]
[sikhreviewnorthamerica.com/wp-includes/js/wp-embed.min1845.js]
[sikhreviewnorthamerica.com/index.html]
[sikhreviewnorthamerica.com/wp-content/plugins/avata-hoo-contact-form/assets/plugins/bootstrap/fonts/glyphicons-halflings-regular.eot]
[stats.wp.com/e-202046.js]
[sikhreviewnorthamerica.com/wp-content/plugins/avata-hoo-contact-form/assets/plugins/bootstrap/fonts/glyphicons-halflings-regular.woff]
[sikhreviewnorthamerica.com/wp-content/plugins/avata-hoo-contact-form/assets/plugins/bootstrap/fonts/glyphicons-halflings-regulard41d.eot]
[sikhreviewnorthamerica.com/wp-content/plugins/avata-hoo-contact-form/assets/plugins/bootstrap/fonts/glyphicons-halflings-regular.ttf]
[sikhreviewnorthamerica.com/wp-content/plugins/avata-hoo-contact-form/assets/plugins/bootstrap/css/bootstrap.min1845.css]
[sikhreviewnorthamerica.com/wp-content/plugins/avata-hoo-contact-form/assets/plugins/bootstrapvalidator/css/bootstrapValidator1845.css]
[sikhreviewnorthamerica.com/wp-content/plugins/avata-hoo-contact-form/assets/plugins/font-awesome/fonts/fontawesome-webfont3e6e.eot]
[sikhreviewnorthamerica.com/wp-content/plugins/avata-hoo-contact-form/assets/plugins/font-awesome/fonts/fontawesome-webfontd41d.eot]
[sikhreviewnorthamerica.com/wp-content/plugins/avata-hoo-contact-form/assets/plugins/font-awesome/fonts/fontawesome-webfont3e6e.woff2]
[sikhreviewnorthamerica.com/wp-content/plugins/avata-hoo-contact-form/assets/plugins/font-awesome/fonts/fontawesome-webfont3e6e.woff]
[sikhreviewnorthamerica.com/wp-content/plugins/avata-hoo-contact-form/assets/plugins/font-awesome/fonts/fontawesome-webfont3e6e.ttf]
[sikhreviewnorthamerica.com/wp-content/plugins/avata-hoo-contact-form/assets/plugins/font-awesome/css/font-awesome.min1845.css]
[sikhreviewnorthamerica.com/wp-content/plugins/avata-hoo-contact-form/assets/css/main1845.css]
[sikhreviewnorthamerica.com/wp-content/plugins/contact-form-7/images/ajax-loader.gif]
[sikhreviewnorthamerica.com/wp-content/plugins/contact-form-7/includes/css/styles5560.css]
[sikhreviewnorthamerica.com/wp-content/plugins/flowpaper-lite-pdf-flipbook/assets/lity/lity.min.css]
[sikhreviewnorthamerica.com/wp-content/plugins/insta-gallery/assets/insta-gallery-min1f22.css]
[sikhreviewnorthamerica.com/wp-content/plugins/wp-post-author/assets/css/fonts/icomoon28b2.eot]
[sikhreviewnorthamerica.com/wp-content/plugins/wp-post-author/assets/css/fonts/icomoon28b2.ttf]
[sikhreviewnorthamerica.com/wp-content/plugins/wp-post-author/assets/css/fonts/icomoon28b2.woff]
[sikhreviewnorthamerica.com/wp-content/plugins/wp-post-author/assets/css/awpa-frontend-style1845.css]
[sikhreviewnorthamerica.com/wp-includes/fonts/dashicons.eot]
[sikhreviewnorthamerica.com/wp-includes/css/dashicons.min1845.css]
[sikhreviewnorthamerica.com/wp-content/themes/eximious-magazine/assets/lib/font-awesome-v5/webfonts/fa-brands-400.eot]
[sikhreviewnorthamerica.com/wp-content/themes/eximious-magazine/assets/lib/font-awesome-v5/webfonts/fa-brands-400.woff2]
[sikhreviewnorthamerica.com/wp-content/themes/eximious-magazine/assets/lib/font-awesome-v5/webfonts/fa-brands-400d41d.eot]
[sikhreviewnorthamerica.com/wp-content/themes/eximious-magazine/assets/lib/font-awesome-v5/webfonts/fa-brands-400.woff]
[sikhreviewnorthamerica.com/wp-content/themes/eximious-magazine/assets/lib/font-awesome-v5/webfonts/fa-brands-400.ttf]
[sikhreviewnorthamerica.com/wp-content/themes/eximious-magazine/assets/lib/font-awesome-v5/webfonts/fa-regular-400.eot]
[sikhreviewnorthamerica.com/wp-content/themes/eximious-magazine/assets/lib/font-awesome-v5/webfonts/fa-regular-400.woff2]
[sikhreviewnorthamerica.com/wp-content/themes/eximious-magazine/assets/lib/font-awesome-v5/webfonts/fa-regular-400d41d.eot]
[sikhreviewnorthamerica.com/wp-content/themes/eximious-magazine/assets/lib/font-awesome-v5/webfonts/fa-regular-400.woff]
[sikhreviewnorthamerica.com/wp-content/themes/eximious-magazine/assets/lib/font-awesome-v5/webfonts/fa-regular-400.ttf]
[sikhreviewnorthamerica.com/wp-content/themes/eximious-magazine/assets/lib/font-awesome-v5/webfonts/fa-solid-900.eot]
[sikhreviewnorthamerica.com/wp-content/themes/eximious-magazine/assets/lib/font-awesome-v5/webfonts/fa-solid-900.woff2]
[sikhreviewnorthamerica.com/wp-content/themes/eximious-magazine/assets/lib/font-awesome-v5/webfonts/fa-solid-900.woff]
[sikhreviewnorthamerica.com/wp-content/themes/eximious-magazine/assets/lib/font-awesome-v5/webfonts/fa-solid-900d41d.eot]
[sikhreviewnorthamerica.com/wp-content/themes/eximious-magazine/assets/lib/font-awesome-v5/webfonts/fa-solid-900.ttf]
[sikhreviewnorthamerica.com/wp-content/themes/eximious-magazine/assets/lib/font-awesome-v5/css/all1845.css]
[sikhreviewnorthamerica.com/wp-content/themes/eximious-magazine/assets/lib/animate/animate.min1845.css]
[sikhreviewnorthamerica.com/wp-content/themes/eximious-magazine/assets/lib/owl/owl.video.play.png]
[sikhreviewnorthamerica.com/wp-content/themes/eximious-magazine/assets/lib/owl/owl.carousel.min1845.css]
[sikhreviewnorthamerica.com/wp-content/themes/eximious-magazine/assets/lib/owl/owl.theme.default.min1845.css]
[sikhreviewnorthamerica.com/wp-content/themes/eximious-magazine/style1845.css]
[sikhreviewnorthamerica.com/wp-content/plugins/jetpack/modules/widgets/social-icons/social-iconsf4df.css]
[sikhreviewnorthamerica.com/wp-content/plugins/jetpack/modules/carousel/images/arrows.png]
[sikhreviewnorthamerica.com/wp-content/plugins/jetpack/modules/carousel/images/arrows-2x.png]
[sikhreviewnorthamerica.com/wp-content/plugins/jetpack/modules/carousel/images/carousel-spritee4da.png]
[sikhreviewnorthamerica.com/wp-content/plugins/jetpack/modules/carousel/images/carousel-sprite-2xe4da.png]
[sikhreviewnorthamerica.com/wp-content/plugins/jetpack/modules/shortcodes/img/slideshow-controls.png]
[sikhreviewnorthamerica.com/wp-content/plugins/jetpack/modules/shortcodes/img/slideshow-controls-2x.png]
[sikhreviewnorthamerica.com/wp-content/plugins/jetpack/modules/shortcodes/images/slide-nav.png]
[sikhreviewnorthamerica.com/wp-content/plugins/jetpack/modules/shortcodes/images/expand.png]
[sikhreviewnorthamerica.com/wp-content/plugins/jetpack/modules/shortcodes/images/collapse.png]
[secure.gravatar.com/images/grav-share-sprite.png]
[sikhreviewnorthamerica.com/wp-content/plugins/jetpack/css/jetpack8f99.css]
[sikhreviewnorthamerica.com/wp-content/uploads/2018/08/Sikh-uses-turban-to-save-a-crash-victum.bmp]
[sikhreviewnorthamerica.com/category/articles-and-news/feed/index.html]
[sikhreviewnorthamerica.com/wp-content/uploads/2018/08/Sikh-who-saved-people-from-burning-plane.bmp]
[sikhreviewnorthamerica.com/blog-2/index.html]
[sikhreviewnorthamerica.com/wp-content/uploads/2018/08/Fauja_Singh_in_acti_222195a.jpg]
[sikhreviewnorthamerica.com/singh-uses-his-turban-to-save-life-of-bleeding-victim-in-new-zealand/index.html]
[sikhreviewnorthamerica.com/wp-content/uploads/2018/08/asr_10year-274x300.jpg]
[sikhreviewnorthamerica.com/category/articles-and-news/index.html]
[sikhreviewnorthamerica.com/mandeep-singh-who-saved-six-lives-from-a-crashed-burning-plane/index.html]
[sikhreviewnorthamerica.com/106-year-old-fauja-singh-to-start-birmingham-marathon-2/index.html]
[sikhreviewnorthamerica.com/wp-content/uploads/2018/09/July-2016-520x250.jpg]
[sikhreviewnorthamerica.com/category/magazines/feed/index.html]
[sikhreviewnorthamerica.com/wp-content/uploads/2018/09/April-2015-520x250.jpg]
[sikhreviewnorthamerica.com/wp-content/uploads/2018/09/January-2015-520x250.jpg]
[sikhreviewnorthamerica.com/wp-content/uploads/2018/09/April-2014-520x250.jpg]
[sikhreviewnorthamerica.com/wp-content/uploads/2018/09/October-2013-520x250.jpg]
[sikhreviewnorthamerica.com/north-american-sikh-review-magazine-edition-october-2013/index.html]
[sikhreviewnorthamerica.com/wp-content/uploads/2018/09/April-2013-520x250.jpg]
[sikhreviewnorthamerica.com/north-american-sikh-review-magazine-edition-april-2013/index.html]
[sikhreviewnorthamerica.com/wp-content/uploads/2018/09/July-2012-520x250.jpg]
[sikhreviewnorthamerica.com/north-american-sikh-review-magazine-edition-july-2012/index.html]
[sikhreviewnorthamerica.com/wp-content/uploads/2018/09/October-2011-520x250.jpg]
[sikhreviewnorthamerica.com/north-american-sikh-review-magazine-edition-october-2011/index.html]
[sikhreviewnorthamerica.com/wp-content/uploads/2018/09/October-2010-520x250.jpg]
[sikhreviewnorthamerica.com/category/magazines/index.html]
[sikhreviewnorthamerica.com/north-american-sikh-review-magazine-edition-october-2010/index.html]
[sikhreviewnorthamerica.com/category/magazines/page/2/index.html]
[sikhreviewnorthamerica.com/wp-json/oembed/1.0/embed57c8.json]
[sikhreviewnorthamerica.com/wp-json/oembed/1.0/embed8436]
[sikhreviewnorthamerica.com/wp-content/uploads/2018/08/banner-1.jpg]
[sikhreviewnorthamerica.com/never-forget-1984/index.html]
[sikhreviewnorthamerica.com/wp-json/oembed/1.0/embede823.json]
[sikhreviewnorthamerica.com/wp-json/oembed/1.0/embed0bb2]
[sikhreviewnorthamerica.com/contact-us/index.html]
[sikhreviewnorthamerica.com/wp-json/oembed/1.0/embeded08.json]
[sikhreviewnorthamerica.com/after-church-sikh-volunteers-take-up-temple-cleaning/feed/index.html]
[sikhreviewnorthamerica.com/wp-json/oembed/1.0/embedf0f3]
[sikhreviewnorthamerica.com/north-american-sikh-review-magazine-edition-january-2009/index.html]
[sikhreviewnorthamerica.com/wp-includes/js/comment-reply.min1845.js]
[sikhreviewnorthamerica.com/after-church-sikh-volunteers-take-up-temple-cleaning/index.html]
[sikhreviewnorthamerica.com/wp-json/oembed/1.0/embed0a77.json]
[sikhreviewnorthamerica.com/amar-singh-makes-history-for-sikhs-in-malaysian-police-force/feed/index.html]
[sikhreviewnorthamerica.com/wp-json/oembed/1.0/embed8e05]
[sikhreviewnorthamerica.com/amar-singh-makes-history-for-sikhs-in-malaysian-police-force/index.html]
[sikhreviewnorthamerica.com/wp-json/oembed/1.0/embedfcd8.json]
[sikhreviewnorthamerica.com/the-flying-sikh-who-won-indias-first-commonwealth-gold/feed/index.html]
[sikhreviewnorthamerica.com/wp-json/oembed/1.0/embedcf4f]
[sikhreviewnorthamerica.com/the-flying-sikh-who-won-indias-first-commonwealth-gold/index.html]
[sikhreviewnorthamerica.com/wp-json/oembed/1.0/embedf34b.json]
[sikhreviewnorthamerica.com/surprised-and-deeply-honoured-our-chief-executive-harpal-singh-kumar-receives-a-knighthood/feed/index.html]
[sikhreviewnorthamerica.com/wp-json/oembed/1.0/embed686e]
[sikhreviewnorthamerica.com/surprised-and-deeply-honoured-our-chief-executive-harpal-singh-kumar-receives-a-knighthood/index.html]
[sikhreviewnorthamerica.com/wp-json/oembed/1.0/embed4e0c.json]
[sikhreviewnorthamerica.com/president-obama-chooses-a-sikh-for-key-administration-position/feed/index.html]
[sikhreviewnorthamerica.com/wp-json/oembed/1.0/embedca63]
[sikhreviewnorthamerica.com/president-obama-chooses-a-sikh-for-key-administration-position/index.html]
[sikhreviewnorthamerica.com/author/admin/index.html]
[sikhreviewnorthamerica.com/author/admin/feed/index.html]
[sikhreviewnorthamerica.com/author/admin/page/2/index.html]
[sikhreviewnorthamerica.com/north-american-sikh-review-magazine-edition-october-2016/feed/index.html]
[sikhreviewnorthamerica.com/wp-json/oembed/1.0/embedf7af.json]
[sikhreviewnorthamerica.com/wp-json/oembed/1.0/embed34d7]
[sikhreviewnorthamerica.com/wp-content/uploads/2018/09/October-2016.jpg]
[sikhreviewnorthamerica.com/north-american-sikh-review-magazine-edition-october-2016/index.html]
[sikhreviewnorthamerica.com/wp-json/oembed/1.0/embedc3d7.json]
[sikhreviewnorthamerica.com/north-american-sikh-review-magazine-edition-july-2016/feed/index.html]
[sikhreviewnorthamerica.com/wp-json/oembed/1.0/embed4688]
[sikhreviewnorthamerica.com/wp-content/uploads/2018/09/July-2016.jpg]
[sikhreviewnorthamerica.com/north-american-sikh-review-magazine-edition-july-2016/index.html]
[sikhreviewnorthamerica.com/wp-json/oembed/1.0/embed90d9.json]
[sikhreviewnorthamerica.com/north-american-sikh-review-magazine-edition-april-2015/feed/index.html]
[sikhreviewnorthamerica.com/wp-json/oembed/1.0/embed47b3]
[sikhreviewnorthamerica.com/wp-content/uploads/2018/09/April-2015.jpg]
[sikhreviewnorthamerica.com/north-american-sikh-review-magazine-edition-april-2015/index.html]
[sikhreviewnorthamerica.com/wp-json/oembed/1.0/embedb74c.json]
[sikhreviewnorthamerica.com/north-american-sikh-review-magazine-edition-january-2015/feed/index.html]
[sikhreviewnorthamerica.com/wp-json/oembed/1.0/embed5225]
[sikhreviewnorthamerica.com/wp-content/uploads/2018/09/January-2015.jpg]
[sikhreviewnorthamerica.com/north-american-sikh-review-magazine-edition-january-2015/index.html]
[sikhreviewnorthamerica.com/wp-json/oembed/1.0/embedfeef.json]
[sikhreviewnorthamerica.com/north-american-sikh-review-magazine-edition-april-2014/feed/index.html]
[sikhreviewnorthamerica.com/wp-json/oembed/1.0/embeda86d]
[sikhreviewnorthamerica.com/wp-content/uploads/2018/09/April-2014.jpg]
[sikhreviewnorthamerica.com/north-american-sikh-review-magazine-edition-april-2014/index.html]
[sikhreviewnorthamerica.com/wp-content/plugins/avata-hoo-contact-form/assets/plugins/bootstrap/fonts/glyphicons-halflings-regular.svg]
[sikhreviewnorthamerica.com/wp-content/plugins/avata-hoo-contact-form/assets/plugins/font-awesome/fonts/fontawesome-webfont3e6e.svg]
[sikhreviewnorthamerica.com/wp-content/plugins/wp-post-author/assets/css/fonts/icomoon28b2.svg]
[sikhreviewnorthamerica.com/wp-content/themes/eximious-magazine/assets/lib/font-awesome-v5/webfonts/fa-brands-400.svg]
[sikhreviewnorthamerica.com/wp-content/themes/eximious-magazine/assets/lib/font-awesome-v5/webfonts/fa-regular-400.svg]
[sikhreviewnorthamerica.com/wp-content/themes/eximious-magazine/assets/lib/font-awesome-v5/webfonts/fa-solid-900.svg]
[sikhreviewnorthamerica.com/wp-content/themes/eximious-magazine/assets/lib/owl/owl.video.play.html]
[sikhreviewnorthamerica.com/blog-2/index.html]
[sikhreviewnorthamerica.com/blog-2/page/2/index.html]
[sikhreviewnorthamerica.com/wp-json/oembed/1.0/embed983d.json]
[sikhreviewnorthamerica.com/wp-json/oembed/1.0/embed2592]
[sikhreviewnorthamerica.com/singh-uses-his-turban-to-save-life-of-bleeding-victim-in-new-zealand/feed/index.html]
[sikhreviewnorthamerica.com/singh-uses-his-turban-to-save-life-of-bleeding-victim-in-new-zealand/index.html]
[sikhreviewnorthamerica.com/wp-json/oembed/1.0/embedc4b2.json]
[sikhreviewnorthamerica.com/mandeep-singh-who-saved-six-lives-from-a-crashed-burning-plane/feed/index.html]
[sikhreviewnorthamerica.com/wp-json/oembed/1.0/embed1874]
[sikhreviewnorthamerica.com/mandeep-singh-who-saved-six-lives-from-a-crashed-burning-plane/index.html]
[sikhreviewnorthamerica.com/wp-json/oembed/1.0/embed5cd2.json]
[sikhreviewnorthamerica.com/106-year-old-fauja-singh-to-start-birmingham-marathon-2/feed/index.html]
[sikhreviewnorthamerica.com/wp-json/oembed/1.0/embed9872]
[sikhreviewnorthamerica.com/106-year-old-fauja-singh-to-start-birmingham-marathon-2/index.html]
[sikhreviewnorthamerica.com/wp-json/oembed/1.0/embed9e7b.json]
[sikhreviewnorthamerica.com/north-american-sikh-review-magazine-edition-october-2013/feed/index.html]
[sikhreviewnorthamerica.com/wp-json/oembed/1.0/embed8b22]
[sikhreviewnorthamerica.com/wp-content/uploads/2018/09/October-2013.jpg]
[sikhreviewnorthamerica.com/north-american-sikh-review-magazine-edition-october-2013/index.html]
[sikhreviewnorthamerica.com/wp-json/oembed/1.0/embed0248.json]
[sikhreviewnorthamerica.com/north-american-sikh-review-magazine-edition-april-2013/feed/index.html]
[sikhreviewnorthamerica.com/wp-json/oembed/1.0/embedae87]
[sikhreviewnorthamerica.com/wp-content/uploads/2018/09/April-2013.jpg]
[sikhreviewnorthamerica.com/north-american-sikh-review-magazine-edition-april-2013/index.html]
[sikhreviewnorthamerica.com/wp-json/oembed/1.0/embede3d3.json]
[sikhreviewnorthamerica.com/north-american-sikh-review-magazine-edition-july-2012/feed/index.html]
[sikhreviewnorthamerica.com/wp-json/oembed/1.0/embeda3d3]
[sikhreviewnorthamerica.com/wp-content/uploads/2018/09/July-2012.jpg]
[sikhreviewnorthamerica.com/north-american-sikh-review-magazine-edition-july-2012/index.html]
[sikhreviewnorthamerica.com/wp-json/oembed/1.0/embed1f2e.json]
[sikhreviewnorthamerica.com/north-american-sikh-review-magazine-edition-october-2011/feed/index.html]
[sikhreviewnorthamerica.com/wp-json/oembed/1.0/embedfb18]
[sikhreviewnorthamerica.com/wp-content/uploads/2018/09/October-2011.jpg]
[sikhreviewnorthamerica.com/north-american-sikh-review-magazine-edition-october-2011/index.html]
[sikhreviewnorthamerica.com/wp-json/oembed/1.0/embed51a0.json]
[sikhreviewnorthamerica.com/north-american-sikh-review-magazine-edition-october-2010/feed/index.html]
[sikhreviewnorthamerica.com/wp-json/oembed/1.0/embedc770]
[sikhreviewnorthamerica.com/north-american-sikh-review-magazine-edition-january-2010/index.html]
[sikhreviewnorthamerica.com/wp-content/uploads/2018/09/October-2010.jpg]
[sikhreviewnorthamerica.com/north-american-sikh-review-magazine-edition-october-2010/index.html]
[sikhreviewnorthamerica.com/wp-content/uploads/2018/09/January-2010-520x250.jpg]
[sikhreviewnorthamerica.com/wp-content/uploads/2018/09/January-2009-520x250.jpg]
[sikhreviewnorthamerica.com/category/magazines/page/2/index.html]
[sikhreviewnorthamerica.com/wp-json/oembed/1.0/embed563a.json]
[sikhreviewnorthamerica.com/north-american-sikh-review-magazine-edition-january-2009/feed/index.html]
[sikhreviewnorthamerica.com/wp-json/oembed/1.0/embedfc29]
[sikhreviewnorthamerica.com/wp-content/uploads/2018/09/January-2009.jpg]
[sikhreviewnorthamerica.com/north-american-sikh-review-magazine-edition-january-2009/index.html]
[sikhreviewnorthamerica.com/xmlrpc.php]
[sikhreviewnorthamerica.com/author/admin/page/2/index.html]
[sikhreviewnorthamerica.com/blog-2/page/2/index.html]
[sikhreviewnorthamerica.com/wp-json/oembed/1.0/embede747.json]
[sikhreviewnorthamerica.com/north-american-sikh-review-magazine-edition-january-2010/feed/index.html]
[sikhreviewnorthamerica.com/wp-json/oembed/1.0/embed3223]
[sikhreviewnorthamerica.com/wp-content/uploads/2018/09/January-2010.jpg]
[sikhreviewnorthamerica.com/north-american-sikh-review-magazine-edition-january-2010/index.html]
